En la rama main
Tu rama está actualizada con 'origin/main'.

Cambios no rastreados para el commit:
  (usa "git add/rm <archivo>..." para actualizar a lo que se le va a hacer commit)
  (usa "git restore <archivo>..." para descartar los cambios en el directorio de trabajo)
	modificados:     build_error.log
	modificados:     docs/.vitepress/config.mts
	modificados:     docs/about/index.md
	modificados:     docs/about/mission.md
	modificados:     docs/dev/index.md
	modificados:     docs/en/about/index.md
	modificados:     docs/en/about/mission.md
	borrados:        docs/en/dev/contributing/hytale-launcher/code-style.md
	borrados:        docs/en/dev/contributing/hytale-launcher/commit-strategy.md
	borrados:        docs/en/dev/contributing/hytale-launcher/how-to-contribute.md
	borrados:        docs/en/dev/contributing/hytale-launcher/index.md
	borrados:        docs/en/dev/contributing/hytale-launcher/issues.md
	borrados:        docs/en/dev/contributing/hytale-launcher/pull-requests.md
	modificados:     docs/en/dev/index.md
	borrados:        docs/en/dev/projects/hytale-launcher/architecture.md
	borrados:        docs/en/dev/projects/hytale-launcher/build-process.md
	borrados:        docs/en/dev/projects/hytale-launcher/index.md
	borrados:        docs/en/dev/projects/hytale-launcher/instance-management.md
	borrados:        docs/en/dev/projects/trinity-sdk/api.md
	borrados:        docs/en/dev/projects/trinity-sdk/index.md
	borrados:        docs/en/dev/projects/trinity-sdk/overview.md
	modificados:     docs/en/guides/index.md
	modificados:     docs/en/index.md
	borrados:        docs/en/launchers/hytale/configuration.md
	borrados:        docs/en/launchers/hytale/index.md
	borrados:        docs/en/launchers/hytale/installation.md
	borrados:        docs/en/launchers/hytale/overview.md
	borrados:        docs/en/launchers/hytale/troubleshooting.md
	borrados:        docs/en/launchers/hytale/usage.md
	modificados:     docs/en/launchers/index.md
	modificados:     docs/es/about/index.md
	modificados:     docs/es/about/mission.md
	borrados:        docs/es/dev/contributing/hytale-launcher/code-style.md
	borrados:        docs/es/dev/contributing/hytale-launcher/commit-strategy.md
	borrados:        docs/es/dev/contributing/hytale-launcher/how-to-contribute.md
	borrados:        docs/es/dev/contributing/hytale-launcher/index.md
	borrados:        docs/es/dev/contributing/hytale-launcher/issues.md
	borrados:        docs/es/dev/contributing/hytale-launcher/pull-requests.md
	modificados:     docs/es/dev/index.md
	borrados:        docs/es/dev/projects/hytale-launcher/architecture.md
	borrados:        docs/es/dev/projects/hytale-launcher/build-process.md
	borrados:        docs/es/dev/projects/hytale-launcher/index.md
	borrados:        docs/es/dev/projects/hytale-launcher/instance-management.md
	borrados:        docs/es/dev/projects/trinity-launcher/architecture.md
	borrados:        docs/es/dev/projects/trinity-launcher/build-process.md
	borrados:        docs/es/dev/projects/trinity-launcher/index.md
	borrados:        docs/es/dev/projects/trinity-launcher/instance-management.md
	borrados:        docs/es/dev/projects/trinity-sdk/api.md
	borrados:        docs/es/dev/projects/trinity-sdk/index.md
	borrados:        docs/es/dev/projects/trinity-sdk/overview.md
	modificados:     docs/es/guides/index.md
	modificados:     docs/es/index.md
	borrados:        docs/es/launchers/hytale/configuration.md
	borrados:        docs/es/launchers/hytale/index.md
	borrados:        docs/es/launchers/hytale/installation.md
	borrados:        docs/es/launchers/hytale/overview.md
	borrados:        docs/es/launchers/hytale/troubleshooting.md
	borrados:        docs/es/launchers/hytale/usage.md
	modificados:     docs/es/launchers/index.md
	modificados:     docs/guides/index.md
	modificados:     docs/index.md
	borrados:        docs/launchers/hytale/configuration.md
	borrados:        docs/launchers/hytale/index.md
	borrados:        docs/launchers/hytale/installation.md
	borrados:        docs/launchers/hytale/overview.md
	borrados:        docs/launchers/hytale/troubleshooting.md
	borrados:        docs/launchers/hytale/usage.md
	modificados:     docs/launchers/index.md

sin cambios agregados al commit (usa "git add" y/o "git commit -a")
